g:\proyectosc\proyectoia\ia-build\iabuild\neuronalnetworkbuild\x64\debug\vc143.pdb
g:\proyectosc\proyectoia\ia-build\iabuild\neuronalnetworkbuild\x64\debug\vc143.idb
g:\proyectosc\proyectoia\ia-build\iabuild\neuronalnetworkbuild\x64\debug\output_layer.obj
g:\proyectosc\proyectoia\ia-build\iabuild\neuronalnetworkbuild\x64\debug\neuronal_network.obj
g:\proyectosc\proyectoia\ia-build\iabuild\neuronalnetworkbuild\x64\debug\layer.obj
g:\proyectosc\proyectoia\ia-build\iabuild\neuronalnetworkbuild\x64\debug\input_layer.obj
g:\proyectosc\proyectoia\ia-build\iabuild\neuronalnetworkbuild\x64\debug\hidden_layer.obj
g:\proyectosc\proyectoia\ia-build\iabuild\neuronalnetworkbuild\x64\debug\neuron.obj
g:\proyectosc\proyectoia\ia-build\iabuild\neuronalnetworkbuild\x64\debug\network.obj
g:\proyectosc\proyectoia\ia-build\iabuild\x64\debug\neuronalnetworkbuild.pdb
g:\proyectosc\proyectoia\ia-build\iabuild\neuronalnetworkbuild\x64\debug\neuronal.c83aff96.tlog\cl.command.1.tlog
g:\proyectosc\proyectoia\ia-build\iabuild\neuronalnetworkbuild\x64\debug\neuronal.c83aff96.tlog\cl.read.1.tlog
g:\proyectosc\proyectoia\ia-build\iabuild\neuronalnetworkbuild\x64\debug\neuronal.c83aff96.tlog\cl.write.1.tlog
g:\proyectosc\proyectoia\ia-build\iabuild\neuronalnetworkbuild\x64\debug\neuronal.c83aff96.tlog\link-cvtres.read.1.tlog
g:\proyectosc\proyectoia\ia-build\iabuild\neuronalnetworkbuild\x64\debug\neuronal.c83aff96.tlog\link-cvtres.write.1.tlog
g:\proyectosc\proyectoia\ia-build\iabuild\neuronalnetworkbuild\x64\debug\neuronal.c83aff96.tlog\link-rc.read.1.tlog
g:\proyectosc\proyectoia\ia-build\iabuild\neuronalnetworkbuild\x64\debug\neuronal.c83aff96.tlog\link-rc.write.1.tlog
g:\proyectosc\proyectoia\ia-build\iabuild\neuronalnetworkbuild\x64\debug\neuronal.c83aff96.tlog\link.command.1.tlog
g:\proyectosc\proyectoia\ia-build\iabuild\neuronalnetworkbuild\x64\debug\neuronal.c83aff96.tlog\link.read.1.tlog
g:\proyectosc\proyectoia\ia-build\iabuild\neuronalnetworkbuild\x64\debug\neuronal.c83aff96.tlog\link.read.2.tlog
g:\proyectosc\proyectoia\ia-build\iabuild\neuronalnetworkbuild\x64\debug\neuronal.c83aff96.tlog\link.write.1.tlog
