G:\Microsoft Visual Studio\2022\Community\MSBuild\Microsoft\VC\v170\Microsoft.CppBuild.targets(534,5): warning MSB8028: The intermediate directory (x64\Debug\) contains files shared from another project (AlgorithmBuild.vcxproj).  This can lead to incorrect clean and rebuild behavior.
  knn_alg.cc
G:\ProyectosC\ProyectoIA\ia-build\IABuild\MachineLearningBuild\data_handler.cc(35,41): warning C4244: 'argument': conversion from 'double' to 'uint8_t', possible loss of data
  (compiling source file 'knn_alg.cc')
  
G:\ProyectosC\ProyectoIA\ia-build\IABuild\MachineLearningBuild\data_handler.cc(54,76): warning C4267: '=': conversion from 'size_t' to 'int', possible loss of data
  (compiling source file 'knn_alg.cc')
  
G:\ProyectosC\ProyectoIA\ia-build\IABuild\MachineLearningBuild\data_handler.cc(75,21): warning C4018: '<': signed/unsigned mismatch
  (compiling source file 'knn_alg.cc')
  
G:\ProyectosC\ProyectoIA\ia-build\IABuild\MachineLearningBuild\data_handler.cc(116,21): warning C4018: '<': signed/unsigned mismatch
  (compiling source file 'knn_alg.cc')
  
G:\ProyectosC\ProyectoIA\ia-build\IABuild\MachineLearningBuild\data_handler.cc(140,17): warning C4244: 'initializing': conversion from 'double' to 'int', possible loss of data
  (compiling source file 'knn_alg.cc')
  
G:\ProyectosC\ProyectoIA\ia-build\IABuild\MachineLearningBuild\data_handler.cc(141,16): warning C4244: 'initializing': conversion from 'double' to 'int', possible loss of data
  (compiling source file 'knn_alg.cc')
  
G:\ProyectosC\ProyectoIA\ia-build\IABuild\MachineLearningBuild\data_handler.cc(142,17): warning C4244: 'initializing': conversion from 'double' to 'int', possible loss of data
  (compiling source file 'knn_alg.cc')
  
G:\ProyectosC\ProyectoIA\ia-build\IABuild\MachineLearningBuild\data_handler.cc(270,49): warning C4244: 'argument': conversion from 'double' to 'uint8_t', possible loss of data
  (compiling source file 'knn_alg.cc')
  
G:\ProyectosC\ProyectoIA\ia-build\IABuild\MachineLearningBuild\data_handler.cc(275,74): warning C4244: 'argument': conversion from 'double' to 'uint8_t', possible loss of data
  (compiling source file 'knn_alg.cc')
  
G:\ProyectosC\ProyectoIA\ia-build\IaBuild\AlgorithmBuild\knn_alg.cc(110,25): warning C4018: '<': signed/unsigned mismatch
MSVCRTD.lib(exe_main.obj) : error LNK2019: unresolved external symbol main referenced in function "int __cdecl invoke_main(void)" (?invoke_main@@YAHXZ)
G:\ProyectosC\ProyectoIA\ia-build\IABuild\x64\Debug\AlgorithmKNNBuild.exe : fatal error LNK1120: 1 unresolved externals

Project Performance Summary:
       29 ms  G:\ProyectosC\ProyectoIA\ia-build\IaBuild\MachineLearningBuild\MachineLearningBuild.vcxproj   3 calls
                  0 ms  GetTargetPath                              1 calls
                  0 ms  GetNativeManifest                          1 calls
                 29 ms  GetProjectInfoForReference                 1 calls
     5083 ms  G:\ProyectosC\ProyectoIA\ia-build\IaBuild\AlgorithmBuild\AlgorithmBuild.vcxproj   1 calls
               5083 ms  Rebuild                                    1 calls

Target Performance Summary:
        0 ms  _Midl                                      1 calls
        0 ms  GetResolvedLinkLibs                        1 calls
        0 ms  AddDeployRecipeFileToProjectsInfoForReference   1 calls
        0 ms  AddPublicBMIsToProjectsInfoForReference    1 calls
        0 ms  SetCppLanguageStandardCapabilities         2 calls
        0 ms  AddPublicIncludeDirectoriesToProjectsInfoForReference   1 calls
        0 ms  GetPublicIncludeDirectories                1 calls
        0 ms  DisableProjectReferenceRecursionForClInputs   1 calls
        0 ms  FindReferenceAssembliesForReferences       1 calls
        0 ms  ComputeCLInputPDBName                      2 calls
        0 ms  AddLibrariesToProjectsInfoForReference     1 calls
        0 ms  BeforeClCompile                            1 calls
        0 ms  BuildGenerateSources                       1 calls
        0 ms  _BuildGenerateSourcesAction                1 calls
        0 ms  AfterBuildGenerateSourcesEvent             1 calls
        0 ms  AfterBuildGenerateSources                  1 calls
        0 ms  ComputeLinkSwitches                        1 calls
        0 ms  AfterMidl                                  1 calls
        0 ms  MakeDirsForMidl                            1 calls
        0 ms  _Xsd                                       1 calls
        0 ms  ComputeCustomBuildOutput                   1 calls
        0 ms  BuildCompileTraverse                       1 calls
        0 ms  SelectCustomBuild                          1 calls
        0 ms  GetProjectInfoForReference                 1 calls
        0 ms  PreLinkEvent                               1 calls
        0 ms  PrepareResourceNames                       1 calls
        0 ms  CreateCustomManifestResourceNames          1 calls
        0 ms  ComputeReferenceLinkInputs                 1 calls
        0 ms  ComputeResolveLinkObj                      1 calls
        0 ms  ComputeLinkInputsFromProject               1 calls
        0 ms  ComputeCLGeneratedLinkInputs               1 calls
        0 ms  ComputeManifestGeneratedLinkerInputs       1 calls
        0 ms  ComputeRCGeneratedLinkInputs               1 calls
        0 ms  ComputeRCOutputs                           1 calls
        0 ms  SelectClCompile                            1 calls
        0 ms  BeforeLink                                 1 calls
        0 ms  BuildCompile                               1 calls
        0 ms  _BuildCompileAction                        1 calls
        0 ms  AfterBuildCompileEvent                     1 calls
        0 ms  _ResourceCompile                           1 calls
        0 ms  AfterResourceCompile                       1 calls
        0 ms  MakeDirsForResourceCompile                 1 calls
        0 ms  BeforeResourceCompile                      1 calls
        0 ms  _ClCompile                                 1 calls
        0 ms  AfterClCompile                             1 calls
        0 ms  BuildLinkTraverse                          1 calls
        0 ms  _SelectedFiles                             1 calls
        0 ms  ComputeMIDLGeneratedCompileInputs          2 calls
        0 ms  BeforeBuildGenerateSources                 1 calls
        0 ms  _RemoveNameMetadataFromProjectReferenceItems   1 calls
        0 ms  _PrepareForBuild                           1 calls
        0 ms  Clean                                      1 calls
        0 ms  CppClean                                   1 calls
        0 ms  AfterCppClean                              1 calls
        0 ms  BeforeCppClean                             1 calls
        0 ms  GetTargetPath                              1 calls
        0 ms  GetNativeManifest                          1 calls
        0 ms  GetFrameworkPaths                          2 calls
        0 ms  AfterClean                                 1 calls
        0 ms  CleanPublishFolder                         1 calls
        0 ms  BeforeResolveReferences                    2 calls
        0 ms  CleanReferencedProjects                    1 calls
        0 ms  AddExternalIncludDirectoriesToPaths        2 calls
        0 ms  PrepareProjectReferences                   2 calls
        0 ms  _AddOutputPathToGlobalPropertiesToRemove   2 calls
        0 ms  ResolveSDKReferences                       2 calls
        0 ms  ExpandSDKReferences                        2 calls
        0 ms  ResolveAssemblyReferences                  2 calls
        0 ms  AfterResolveReferences                     2 calls
        0 ms  IgnoreJavaScriptOutputAssembly             2 calls
        0 ms  ResolveReferences                          2 calls
        0 ms  BeforeClean                                1 calls
        0 ms  BeforeRebuild                              1 calls
        0 ms  BuildGenerateSourcesTraverse               1 calls
        0 ms  _CheckWindowsSDKInstalled                  2 calls
        0 ms  PreBuildEvent                              1 calls
        0 ms  GetTargetPathWithTargetPlatformMoniker     1 calls
        0 ms  CopyFileToFolders                          1 calls
        0 ms  ComputeReferenceCLInput                    1 calls
        0 ms  DoLinkOutputFilesMatch                     1 calls
        0 ms  GetResolvedWinMD                           2 calls
        0 ms  _PrepareForReferenceResolution             2 calls
        0 ms  ComputeManifestInputsTargets               1 calls
        0 ms  MakeDirsForLink                            1 calls
        0 ms  WarnCompileDuplicatedFilename              2 calls
        1 ms  PGInstrumentedClean                        1 calls
        1 ms  ComputeCLOutputs                           1 calls
        1 ms  ResolvedLinkLib                            2 calls
        1 ms  MakeDirsForCl                              1 calls
        1 ms  SetCABuildNativeEnvironmentVariables       2 calls
        1 ms  ComputeLegacyManifestEmbedding             1 calls
        1 ms  GetReferenceAssemblyPaths                  2 calls
        1 ms  AssignTargetPaths                          1 calls
        1 ms  _SplitProjectReferencesByFileExistence     2 calls
        1 ms  SplitResourcesByCulture                    1 calls
        1 ms  _PrepareForRebuild                         1 calls
        1 ms  SetBuildDefaultEnvironmentVariables        2 calls
        1 ms  ComputeStdModulesCompileInputs             2 calls
        1 ms  FixupCLCompileOptions                      2 calls
        1 ms  InitializeBuildStatus                      1 calls
        2 ms  AssignProjectConfiguration                 2 calls
        4 ms  CoreClean                                  1 calls
        8 ms  _PrepareForClean                           1 calls
       11 ms  CustomBuild                                1 calls
       15 ms  PrepareForBuild                            2 calls
       29 ms  ResolveProjectReferences                   2 calls
       35 ms  GetReferencedVCProjectsInfo                2 calls
       38 ms  _GetProjectReferenceTargetFrameworkProperties   2 calls
       54 ms  CoreCppClean                               1 calls
      287 ms  SetTelemetryEnvironmentVariables           1 calls
      421 ms  _CheckForInvalidConfigurationAndPlatform   2 calls
     2027 ms  ClCompile                                  1 calls
     2135 ms  Link                                       1 calls

Task Performance Summary:
        0 ms  SetRidAgnosticValueForProjects             2 calls
        0 ms  FindUnderPath                              2 calls
        0 ms  AssignTargetPath                           4 calls
        0 ms  AssignCulture                              1 calls
        1 ms  Touch                                      1 calls
        1 ms  RemoveDuplicates                           1 calls
        1 ms  ResolveNonMSBuildProjectOutput             1 calls
        1 ms  ReadLinesFromFile                          2 calls
        1 ms  Message                                    4 calls
        1 ms  MakeDir                                   11 calls
        1 ms  CheckVCToolsetVersion                      2 calls
        2 ms  WriteLinesToFile                           3 calls
        2 ms  AssignProjectConfiguration                 2 calls
        3 ms  VCMessage                                  3 calls
        4 ms  SetEnv                                    17 calls
        8 ms  Delete                                     5 calls
       11 ms  GetOutOfDateItems                          3 calls
       53 ms  CppClean                                   1 calls
       64 ms  MSBuild                                    4 calls
     2025 ms  CL                                         1 calls
     2133 ms  Link                                       1 calls
