  data.cc
  data_handler.cc
G:\ProyectosC\ProyectoIA\ia-build\IABuild\MachineLearningBuild\data.cc(34,29): warning C4267: 'return': conversion from 'size_t' to 'int', possible loss of data
G:\ProyectosC\ProyectoIA\ia-build\IABuild\MachineLearningBuild\data_handler.hpp(2,9): warning C4005: '_CRT_SECURE_NO_WARNINGS': macro redefinition
  (compiling source file 'data_handler.cc')
      G:\ProyectosC\ProyectoIA\ia-build\IABuild\MachineLearningBuild\data_handler.hpp(2,9):
      '_CRT_SECURE_NO_WARNINGS' previously declared on the command line
  
G:\ProyectosC\ProyectoIA\ia-build\IABuild\MachineLearningBuild\data_handler.cc(34,21): warning C4018: '<': signed/unsigned mismatch
G:\ProyectosC\ProyectoIA\ia-build\IABuild\MachineLearningBuild\data_handler.cc(75,21): warning C4018: '<': signed/unsigned mismatch
G:\ProyectosC\ProyectoIA\ia-build\IABuild\MachineLearningBuild\data_handler.cc(99,17): warning C4244: 'initializing': conversion from 'double' to 'int', possible loss of data
G:\ProyectosC\ProyectoIA\ia-build\IABuild\MachineLearningBuild\data_handler.cc(100,16): warning C4244: 'initializing': conversion from 'double' to 'int', possible loss of data
G:\ProyectosC\ProyectoIA\ia-build\IABuild\MachineLearningBuild\data_handler.cc(101,17): warning C4244: 'initializing': conversion from 'double' to 'int', possible loss of data
  MachineLearningBuild.vcxproj -> G:\ProyectosC\ProyectoIA\ia-build\IABuild\x64\Release\MachineLearningBuild.lib

Project Performance Summary:
     4603 ms  G:\ProyectosC\ProyectoIA\ia-build\IABuild\MachineLearningBuild\MachineLearningBuild.vcxproj   1 calls
               4603 ms  Build                                      1 calls

Target Performance Summary:
        0 ms  AfterResourceCompile                       1 calls
        0 ms  _Manifest                                  1 calls
        0 ms  _ALink                                     1 calls
        0 ms  BuildCompile                               1 calls
        0 ms  _BuildCompileAction                        1 calls
        0 ms  AfterBuildCompileEvent                     1 calls
        0 ms  _Lib                                       1 calls
        0 ms  AfterLib                                   1 calls
        0 ms  PreLinkEvent                               1 calls
        0 ms  RegisterOutput                             1 calls
        0 ms  ComputeCLGeneratedLibInputs                1 calls
        0 ms  ComputeRCOutputs                           1 calls
        0 ms  ComputeLibAdditionalOptions                1 calls
        0 ms  BeforeLib                                  1 calls
        0 ms  _ResourceCompile                           1 calls
        0 ms  BeforeResourceCompile                      1 calls
        0 ms  _ClCompile                                 1 calls
        0 ms  AfterClCompile                             1 calls
        0 ms  GetReferencedVCProjectsInfo                1 calls
        0 ms  ComputeRCGeneratedLibInputs                1 calls
        0 ms  FindReferenceAssembliesForReferences       1 calls
        0 ms  ResolvedXDCMake                            1 calls
        0 ms  _XdcMake                                   1 calls
        0 ms  AfterBuild                                 1 calls
        0 ms  BuildLink                                  1 calls
        0 ms  _BuildLinkAction                           1 calls
        0 ms  PostBuildEvent                             1 calls
        0 ms  PrepareForRun                              1 calls
        0 ms  _CopySourceItemsToOutputDirectory          1 calls
        0 ms  _PopulateCommonStateForGetCopyToOutputDirectoryItems   1 calls
        0 ms  _Deploy                                    1 calls
        0 ms  ComputeCLCompileGeneratedXDCFiles          1 calls
        0 ms  _Appverifier                               1 calls
        0 ms  _GenerateSatelliteAssemblyInputs           1 calls
        0 ms  MakeDirsForFxc                             1 calls
        0 ms  SatelliteDllsProjectOutputGroup            1 calls
        0 ms  PrepareResourceNames                       1 calls
        0 ms  CreateCustomManifestResourceNames          1 calls
        0 ms  _BscMake                                   1 calls
        0 ms  MakeDirsForBscMake                         1 calls
        0 ms  ComputeCLCompileGeneratedSbrFiles          1 calls
        0 ms  CreateSatelliteAssemblies                  1 calls
        0 ms  BeforeClCompile                            1 calls
        0 ms  Build                                      1 calls
        0 ms  BuildGenerateSources                       1 calls
        0 ms  BeforeBuildGenerateSources                 1 calls
        0 ms  ResolveReferences                          1 calls
        0 ms  AfterResolveReferences                     1 calls
        0 ms  BuildCompileTraverse                       1 calls
        0 ms  ResolveSDKReferences                       1 calls
        0 ms  _Xsd                                       1 calls
        0 ms  MakeDirsForMidl                            1 calls
        0 ms  ComputeMIDLGeneratedCompileInputs          1 calls
        0 ms  GetResolvedWinMD                           1 calls
        0 ms  AddExternalIncludDirectoriesToPaths        1 calls
        0 ms  _SelectedFiles                             1 calls
        0 ms  AfterMidl                                  1 calls
        0 ms  AfterBuildGenerateSources                  1 calls
        0 ms  GetFrameworkPaths                          1 calls
        0 ms  PrepareProjectReferences                   1 calls
        0 ms  _AddOutputPathToGlobalPropertiesToRemove   1 calls
        0 ms  IgnoreJavaScriptOutputAssembly             1 calls
        0 ms  AfterBuildGenerateSourcesEvent             1 calls
        0 ms  _BuildGenerateSourcesAction                1 calls
        0 ms  BeforeResolveReferences                    1 calls
        0 ms  _Midl                                      1 calls
        0 ms  SelectCustomBuild                          1 calls
        0 ms  SetCABuildNativeEnvironmentVariables       1 calls
        0 ms  ResolveProjectReferences                   1 calls
        0 ms  SelectClCompile                            1 calls
        0 ms  _CheckForCompileOutputs                    1 calls
        0 ms  ResolveAssemblyReferences                  1 calls
        0 ms  ContentFilesProjectOutputGroup             1 calls
        0 ms  GetReferenceAssemblyPaths                  1 calls
        0 ms  ComputeStdModulesCompileInputs             1 calls
        0 ms  DoLibOutputFilesMatch                      1 calls
        0 ms  ExpandSDKReferences                        1 calls
        0 ms  ComputeReferenceCLInput                    1 calls
        0 ms  ComputeCLInputPDBName                      1 calls
        0 ms  _GetCopyToOutputDirectoryItemsFromThisProject   1 calls
        0 ms  BuildLinkTraverse                          1 calls
        0 ms  ComputeLegacyManifestEmbedding             1 calls
        0 ms  _PrepareForReferenceResolution             1 calls
        0 ms  ComputeLibInputsFromProject                1 calls
        0 ms  PreBuildEvent                              1 calls
        0 ms  BuildGenerateSourcesTraverse               1 calls
        0 ms  MakeDirsForXdcMake                         1 calls
        1 ms  _PrepareForBuild                           1 calls
        1 ms  BuiltProjectOutputGroup                    1 calls
        1 ms  MakeDirsForLib                             1 calls
        1 ms  CopyFilesToOutputDirectory                 1 calls
        1 ms  _CheckWindowsSDKInstalled                  1 calls
        1 ms  MakeDirsForResourceCompile                 1 calls
        1 ms  CopyFileToFolders                          1 calls
        1 ms  _GetCopyToOutputDirectoryItemsFromTransitiveProjectReferences   1 calls
        1 ms  _SplitProjectReferencesByFileExistence     1 calls
        1 ms  ComputeCustomBuildOutput                   1 calls
        1 ms  WarnCompileDuplicatedFilename              1 calls
        1 ms  ComputeCLOutputs                           1 calls
        1 ms  MakeDirsForCl                              1 calls
        2 ms  IncrementalClean                           1 calls
        2 ms  FinalizeBuildStatus                        1 calls
        2 ms  GetCopyToOutputDirectoryXamlAppDefs        1 calls
        3 ms  SetBuildDefaultEnvironmentVariables        1 calls
        3 ms  _CheckForInvalidConfigurationAndPlatform   1 calls
        3 ms  FixupCLCompileOptions                      1 calls
        3 ms  _CleanGetCurrentAndPriorFileWrites         1 calls
        4 ms  SplitResourcesByCulture                    1 calls
        4 ms  SetTelemetryEnvironmentVariables           1 calls
        4 ms  AssignProjectConfiguration                 1 calls
        4 ms  AssignTargetPaths                          1 calls
        5 ms  _GetProjectReferenceTargetFrameworkProperties   1 calls
        6 ms  GetCopyToOutputDirectoryItems              1 calls
        6 ms  InitializeBuildStatus                      1 calls
       12 ms  TlogCleanup                                1 calls
       22 ms  CreateRecipeFile                           1 calls
       30 ms  PrepareForBuild                            1 calls
       46 ms  CustomBuild                                1 calls
      354 ms  Lib                                        1 calls
     4060 ms  ClCompile                                  1 calls

Task Performance Summary:
        0 ms  Message                                    3 calls
        0 ms  ConvertToAbsolutePath                      1 calls
        0 ms  FindUnderPath                              5 calls
        0 ms  SetRidAgnosticValueForProjects             1 calls
        1 ms  RemoveDuplicates                           2 calls
        1 ms  ReadLinesFromFile                          2 calls
        1 ms  AssignCulture                              1 calls
        1 ms  MSBuild                                    1 calls
        1 ms  WriteLinesToFile                           1 calls
        1 ms  AssignProjectConfiguration                 1 calls
        2 ms  Delete                                     3 calls
        2 ms  AssignTargetPath                           7 calls
        3 ms  Touch                                      2 calls
        3 ms  CallTarget                                 2 calls
        4 ms  MakeDir                                   10 calls
        5 ms  SetEnv                                    11 calls
        6 ms  CheckVCToolsetVersion                      1 calls
        7 ms  VCMessage                                  1 calls
       12 ms  CleanupStaleTlogItems                      1 calls
       22 ms  GenerateDesktopDeployRecipe                1 calls
       44 ms  GetOutOfDateItems                          3 calls
      351 ms  LIB                                        1 calls
     4052 ms  CL                                         1 calls
