  kmeans_alg.cc
G:\ProyectosC\ProyectoIA\ia-build\IABuild\AlgorithmKMEANSBuild\kmeans_alg.hpp(36,22): warning C4267: 'initializing': conversion from 'size_t' to 'int', possible loss of data
  (compiling source file 'kmeans_alg.cc')
  
MSVCRTD.lib(exe_main.obj) : error LNK2019: unresolved external symbol main referenced in function "int __cdecl invoke_main(void)" (?invoke_main@@YAHXZ)
G:\ProyectosC\ProyectoIA\ia-build\IABuild\x64\Debug\AlgorithmKMEANSBuild.exe : fatal error LNK1120: 1 unresolved externals

Project Performance Summary:
        0 ms  G:\ProyectosC\ProyectoIA\ia-build\IABuild\MachineLearningBuild\MachineLearningBuild.vcxproj   3 calls
                  0 ms  GetTargetPath                              1 calls
                  0 ms  GetNativeManifest                          1 calls
                  0 ms  GetProjectInfoForReference                 1 calls
     1635 ms  G:\ProyectosC\ProyectoIA\ia-build\IABuild\AlgorithmKMEANSBuild\AlgorithmKMEANSBuild.vcxproj   1 calls
               1635 ms  Build                                      1 calls

Target Performance Summary:
        0 ms  BuildGenerateSources                       1 calls
        0 ms  MakeDirsForMidl                            1 calls
        0 ms  AfterMidl                                  1 calls
        0 ms  _Midl                                      1 calls
        0 ms  AfterBuildGenerateSourcesEvent             1 calls
        0 ms  _BuildGenerateSourcesAction                1 calls
        0 ms  ComputeLinkSwitches                        1 calls
        0 ms  BuildCompileTraverse                       1 calls
        0 ms  BeforeClCompile                            1 calls
        0 ms  FindReferenceAssembliesForReferences       1 calls
        0 ms  ComputeStdModulesCompileInputs             1 calls
        0 ms  SelectClCompile                            1 calls
        0 ms  PrepareResourceNames                       1 calls
        0 ms  AfterClCompile                             1 calls
        0 ms  _ClCompile                                 1 calls
        0 ms  BeforeResourceCompile                      1 calls
        0 ms  AfterResourceCompile                       1 calls
        0 ms  _ResourceCompile                           1 calls
        0 ms  AfterBuildCompileEvent                     1 calls
        0 ms  _BuildCompileAction                        1 calls
        0 ms  BuildCompile                               1 calls
        0 ms  BuildLinkTraverse                          1 calls
        0 ms  BeforeLink                                 1 calls
        0 ms  ComputeRCOutputs                           1 calls
        0 ms  ComputeRCGeneratedLinkInputs               1 calls
        0 ms  ComputeManifestGeneratedLinkerInputs       1 calls
        0 ms  ComputeLinkInputsFromProject               1 calls
        0 ms  ResolvedLinkLib                            1 calls
        0 ms  ComputeResolveLinkObj                      1 calls
        0 ms  ComputeReferenceLinkInputs                 1 calls
        0 ms  _Xsd                                       1 calls
        0 ms  CopyFileToFolders                          1 calls
        0 ms  AfterBuildGenerateSources                  1 calls
        0 ms  CreateCustomManifestResourceNames          1 calls
        0 ms  DoLinkOutputFilesMatch                     1 calls
        0 ms  _RemoveNameMetadataFromProjectReferenceItems   1 calls
        0 ms  PrepareProjectReferences                   1 calls
        0 ms  ComputeCustomBuildOutput                   1 calls
        0 ms  _CheckWindowsSDKInstalled                  1 calls
        0 ms  SetCABuildNativeEnvironmentVariables       1 calls
        0 ms  _AddOutputPathToGlobalPropertiesToRemove   1 calls
        0 ms  IgnoreJavaScriptOutputAssembly             1 calls
        0 ms  GetReferenceAssemblyPaths                  1 calls
        0 ms  ExpandSDKReferences                        1 calls
        0 ms  ResolveSDKReferences                       1 calls
        0 ms  AfterResolveReferences                     1 calls
        0 ms  SelectCustomBuild                          1 calls
        0 ms  _SelectedFiles                             1 calls
        0 ms  PreBuildEvent                              1 calls
        0 ms  BeforeBuildGenerateSources                 1 calls
        0 ms  BuildGenerateSourcesTraverse               1 calls
        0 ms  ResolveAssemblyReferences                  1 calls
        0 ms  GetFrameworkPaths                          1 calls
        0 ms  BeforeResolveReferences                    1 calls
        0 ms  ResolveReferences                          1 calls
        0 ms  MakeDirsForLink                            1 calls
        0 ms  _PrepareForBuild                           1 calls
        0 ms  ComputeCLOutputs                           1 calls
        0 ms  ComputeManifestInputsTargets               1 calls
        0 ms  ComputeLegacyManifestEmbedding             1 calls
        0 ms  WarnCompileDuplicatedFilename              1 calls
        0 ms  ComputeReferenceCLInput                    1 calls
        0 ms  GetResolvedWinMD                           1 calls
        0 ms  AddExternalIncludDirectoriesToPaths        1 calls
        0 ms  ComputeMIDLGeneratedCompileInputs          1 calls
        0 ms  ComputeCLGeneratedLinkInputs               1 calls
        0 ms  AssignTargetPaths                          1 calls
        1 ms  _PrepareForReferenceResolution             1 calls
        1 ms  MakeDirsForResourceCompile                 1 calls
        1 ms  ComputeCLInputPDBName                      1 calls
        1 ms  PreLinkEvent                               1 calls
        1 ms  _SplitProjectReferencesByFileExistence     1 calls
        1 ms  SetBuildDefaultEnvironmentVariables        1 calls
        1 ms  FixupCLCompileOptions                      1 calls
        1 ms  SplitResourcesByCulture                    1 calls
        1 ms  MakeDirsForCl                              1 calls
        3 ms  AssignProjectConfiguration                 1 calls
        3 ms  GetReferencedVCProjectsInfo                1 calls
        3 ms  InitializeBuildStatus                      1 calls
        8 ms  CustomBuild                                1 calls
        9 ms  SetTelemetryEnvironmentVariables           1 calls
        9 ms  _CheckForInvalidConfigurationAndPlatform   1 calls
        9 ms  PrepareForBuild                            1 calls
       18 ms  ResolveProjectReferences                   1 calls
       54 ms  _GetProjectReferenceTargetFrameworkProperties   1 calls
      421 ms  Link                                       1 calls
     1081 ms  ClCompile                                  1 calls

Task Performance Summary:
        0 ms  ResolveNonMSBuildProjectOutput             1 calls
        0 ms  SetRidAgnosticValueForProjects             1 calls
        0 ms  ReadLinesFromFile                          1 calls
        0 ms  WriteLinesToFile                           1 calls
        0 ms  AssignTargetPath                           4 calls
        1 ms  AssignCulture                              1 calls
        1 ms  Touch                                      1 calls
        1 ms  Message                                    2 calls
        1 ms  CheckVCToolsetVersion                      1 calls
        2 ms  AssignProjectConfiguration                 1 calls
        2 ms  MakeDir                                    7 calls
        2 ms  VCMessage                                  1 calls
        3 ms  SetEnv                                    11 calls
        7 ms  GetOutOfDateItems                          3 calls
        9 ms  MSBuild                                    3 calls
      419 ms  Link                                       1 calls
     1079 ms  CL                                         1 calls
