  kmeans_alg.cc
G:\ProyectosC\ProyectoIA\ia-build\IABuild\AlgorithmKMEANSBuild\kmeans_alg.hpp(36,22): warning C4267: 'initializing': conversion from 'size_t' to 'int', possible loss of data
  (compiling source file 'kmeans_alg.cc')
  
G:\ProyectosC\ProyectoIA\ia-build\IABuild\MachineLearningBuild\data_handler.cc(34,21): warning C4018: '<': signed/unsigned mismatch
  (compiling source file 'kmeans_alg.cc')
  
G:\ProyectosC\ProyectoIA\ia-build\IABuild\MachineLearningBuild\data_handler.cc(75,21): warning C4018: '<': signed/unsigned mismatch
  (compiling source file 'kmeans_alg.cc')
  
G:\ProyectosC\ProyectoIA\ia-build\IABuild\MachineLearningBuild\data_handler.cc(99,17): warning C4244: 'initializing': conversion from 'double' to 'int', possible loss of data
  (compiling source file 'kmeans_alg.cc')
  
G:\ProyectosC\ProyectoIA\ia-build\IABuild\MachineLearningBuild\data_handler.cc(100,16): warning C4244: 'initializing': conversion from 'double' to 'int', possible loss of data
  (compiling source file 'kmeans_alg.cc')
  
G:\ProyectosC\ProyectoIA\ia-build\IABuild\MachineLearningBuild\data_handler.cc(101,17): warning C4244: 'initializing': conversion from 'double' to 'int', possible loss of data
  (compiling source file 'kmeans_alg.cc')
  
kmeans_alg.obj : error LNK2001: unresolved external symbol "public: void __cdecl common_data::set_validation_data(class std::vector<class data *,class std::allocator<class data *> > *)" (?set_validation_data@common_data@@QEAAXPEAV?$vector@PEAVdata@@V?$allocator@PEAVdata@@@std@@@std@@@Z)
kmeans_alg.obj : error LNK2001: unresolved external symbol "public: void __cdecl common_data::set_test_data(class std::vector<class data *,class std::allocator<class data *> > *)" (?set_test_data@common_data@@QEAAXPEAV?$vector@PEAVdata@@V?$allocator@PEAVdata@@@std@@@std@@@Z)
kmeans_alg.obj : error LNK2001: unresolved external symbol "public: void __cdecl common_data::set_training_data(class std::vector<class data *,class std::allocator<class data *> > *)" (?set_training_data@common_data@@QEAAXPEAV?$vector@PEAVdata@@V?$allocator@PEAVdata@@@std@@@std@@@Z)
kmeans_alg.obj : error LNK2001: unresolved external symbol "public: class std::vector<unsigned char,class std::allocator<unsigned char> > * __cdecl data::get_feature_vector(void)" (?get_feature_vector@data@@QEAAPEAV?$vector@EV?$allocator@E@std@@@std@@XZ)
kmeans_alg.obj : error LNK2001: unresolved external symbol "public: unsigned char __cdecl data::get_label(void)" (?get_label@data@@QEAAEXZ)
kmeans_alg.obj : error LNK2001: unresolved external symbol "public: void __cdecl data::set_enumerated_label(int)" (?set_enumerated_label@data@@QEAAXH@Z)
kmeans_alg.obj : error LNK2001: unresolved external symbol "public: void __cdecl data::set_label(unsigned char)" (?set_label@data@@QEAAXE@Z)
kmeans_alg.obj : error LNK2001: unresolved external symbol "public: void __cdecl data::append_to_feature_vector(unsigned char)" (?append_to_feature_vector@data@@QEAAXE@Z)
kmeans_alg.obj : error LNK2001: unresolved external symbol "public: __cdecl data::data(void)" (??0data@@QEAA@XZ)
G:\ProyectosC\ProyectoIA\ia-build\IABuild\x64\Release\AlgorithmKMEANSBuild.exe : fatal error LNK1120: 9 unresolved externals

Project Performance Summary:
     3002 ms  G:\ProyectosC\ProyectoIA\ia-build\IABuild\AlgorithmKMEANSBuild\AlgorithmKMEANSBuild.vcxproj   1 calls
               3002 ms  Build                                      1 calls

Target Performance Summary:
        0 ms  _BuildGenerateSourcesAction                1 calls
        0 ms  _Xsd                                       1 calls
        0 ms  MakeDirsForMidl                            1 calls
        0 ms  _Midl                                      1 calls
        0 ms  AfterBuildGenerateSources                  1 calls
        0 ms  AfterBuildGenerateSourcesEvent             1 calls
        0 ms  BuildGenerateSources                       1 calls
        0 ms  BuildCompileTraverse                       1 calls
        0 ms  BeforeClCompile                            1 calls
        0 ms  ComputeCLInputPDBName                      1 calls
        0 ms  FindReferenceAssembliesForReferences       1 calls
        0 ms  CreateCustomManifestResourceNames          1 calls
        0 ms  AfterClCompile                             1 calls
        0 ms  _ClCompile                                 1 calls
        0 ms  BeforeResourceCompile                      1 calls
        0 ms  AfterResourceCompile                       1 calls
        0 ms  _ResourceCompile                           1 calls
        0 ms  AfterBuildCompileEvent                     1 calls
        0 ms  _BuildCompileAction                        1 calls
        0 ms  BuildCompile                               1 calls
        0 ms  BeforeLink                                 1 calls
        0 ms  ComputeRCOutputs                           1 calls
        0 ms  ComputeRCGeneratedLinkInputs               1 calls
        0 ms  ComputeManifestGeneratedLinkerInputs       1 calls
        0 ms  ComputeCLOutputs                           1 calls
        0 ms  ComputeLinkInputsFromProject               1 calls
        0 ms  SelectCustomBuild                          1 calls
        0 ms  _SelectedFiles                             1 calls
        0 ms  AfterMidl                                  1 calls
        0 ms  BeforeBuildGenerateSources                 1 calls
        0 ms  _AddOutputPathToGlobalPropertiesToRemove   1 calls
        0 ms  _SplitProjectReferencesByFileExistence     1 calls
        0 ms  ResolveSDKReferences                       1 calls
        0 ms  ExpandSDKReferences                        1 calls
        0 ms  GetFrameworkPaths                          1 calls
        0 ms  PrepareProjectReferences                   1 calls
        0 ms  AfterResolveReferences                     1 calls
        0 ms  ResolveReferences                          1 calls
        0 ms  PrepareResourceNames                       1 calls
        0 ms  BeforeResolveReferences                    1 calls
        0 ms  BuildGenerateSourcesTraverse               1 calls
        0 ms  IgnoreJavaScriptOutputAssembly             1 calls
        0 ms  ComputeLegacyManifestEmbedding             1 calls
        0 ms  PreBuildEvent                              1 calls
        0 ms  ComputeStdModulesCompileInputs             1 calls
        0 ms  CopyFileToFolders                          1 calls
        0 ms  SetCABuildNativeEnvironmentVariables       1 calls
        0 ms  GetResolvedWinMD                           1 calls
        0 ms  _PrepareForBuild                           1 calls
        0 ms  SelectClCompile                            1 calls
        0 ms  ComputeReferenceCLInput                    1 calls
        0 ms  ResolveProjectReferences                   1 calls
        0 ms  ComputeLinkSwitches                        1 calls
        0 ms  ResolveAssemblyReferences                  1 calls
        0 ms  SplitResourcesByCulture                    1 calls
        1 ms  GetReferenceAssemblyPaths                  1 calls
        1 ms  ComputeManifestInputsTargets               1 calls
        1 ms  ComputeMIDLGeneratedCompileInputs          1 calls
        1 ms  PreLinkEvent                               1 calls
        1 ms  ComputeCLGeneratedLinkInputs               1 calls
        1 ms  WarnCompileDuplicatedFilename              1 calls
        1 ms  MakeDirsForResourceCompile                 1 calls
        1 ms  DoLinkOutputFilesMatch                     1 calls
        1 ms  _CheckWindowsSDKInstalled                  1 calls
        1 ms  ComputeCustomBuildOutput                   1 calls
        1 ms  GetReferencedVCProjectsInfo                1 calls
        1 ms  _PrepareForReferenceResolution             1 calls
        1 ms  BuildLinkTraverse                          1 calls
        1 ms  MakeDirsForLink                            1 calls
        1 ms  AssignTargetPaths                          1 calls
        1 ms  MakeDirsForCl                              1 calls
        2 ms  AddExternalIncludDirectoriesToPaths        1 calls
        2 ms  FixupCLCompileOptions                      1 calls
        2 ms  AssignProjectConfiguration                 1 calls
        2 ms  CustomBuild                                1 calls
        2 ms  SetBuildDefaultEnvironmentVariables        1 calls
        3 ms  _CheckForInvalidConfigurationAndPlatform   1 calls
        3 ms  _GetProjectReferenceTargetFrameworkProperties   1 calls
        4 ms  SetTelemetryEnvironmentVariables           1 calls
        4 ms  InitializeBuildStatus                      1 calls
       19 ms  PrepareForBuild                            1 calls
      538 ms  Link                                       1 calls
     2401 ms  ClCompile                                  1 calls

Task Performance Summary:
        0 ms  ReadLinesFromFile                          1 calls
        0 ms  SetRidAgnosticValueForProjects             1 calls
        0 ms  CheckVCToolsetVersion                      1 calls
        0 ms  VCMessage                                  1 calls
        0 ms  AssignCulture                              1 calls
        0 ms  Touch                                      1 calls
        1 ms  Delete                                     1 calls
        1 ms  AssignTargetPath                           4 calls
        1 ms  WriteLinesToFile                           1 calls
        1 ms  MSBuild                                    1 calls
        1 ms  Message                                    2 calls
        1 ms  GetOutOfDateItems                          3 calls
        1 ms  MakeDir                                    7 calls
        2 ms  AssignProjectConfiguration                 1 calls
        4 ms  SetEnv                                    11 calls
      534 ms  Link                                       1 calls
     2398 ms  CL                                         1 calls
